bash: warning: setlocale: LC_ALL: cannot change locale (en_US.UTF-8): No such file or directory
QUEUE_START 2026-09-03T07:49:56+08:00 HEAD=e3920476c4ab13c2962c7a27372e1c0d687f7ab9

================================================================
STEP_START 01_bh_nine_depths 2026-09-03T07:49:56+08:00
COMMAND: env ONLY=5 bash RUN_TIER1.sh
================================================================
bash: warning: setlocale: LC_ALL: cannot change locale (en_US.UTF-8): No such file or directory
########## RUN_TIER1 | rev e392047 | started Thu Sep  3 07:49:56 CST 2026 ##########
  seeds: 42 43 44 | depths: 11 14 18 | n_shuffles: 5

============================================================
  preflight
============================================================
  layer dirs with Z.npy in scope: 36
  preflight OK

============================================================
  STAGE 5  Benjamini-Hochberg across the nine depths (CPU)
============================================================
  no outputs_robustness/bootstrap_h1_ctrl_esmc_full_bylevel_minact0.csv — building it (preset ctrl_esmc, not the ESM-2/RITA default)
  !! bootstrap FAILED (see logs_tier1/s5_bootstrap_20260903_074956.log)
                             ^^^^^^^^^^^^^^^^^^^^^^
       File "/home/ronnie/Me_and_Du_san_s_dirty_little_secret/cpu_stage.py", line 230, in load_layer
         Z = np.load(layer_dir / "Z.npy", mmap_mode="r")
             ^^^^^^^^^^^^^^^^^^^^^^^^^^^^^^^^^^^^^^^^^^^
       File "/home/ronnie/Me_and_Du_san_s_dirty_little_secret/.venv/lib/python3.12/site-packages/numpy/lib/npyio.py", line 427, in load
         fid = stack.enter_context(open(os_fspath(file), "rb"))
                                   ^^^^^^^^^^^^^^^^^^^^^^^^^^^
     FileNotFoundError: [Errno 2] No such file or directory: '/home/ronnie/Me_and_Du_san_s_dirty_little_secret/outputs_ctrl/ckpt_mlm_s42_token/layer_0/Z.npy'
  NO BH result produced. Not a silent skip.

============================================================
  packaging
============================================================
  wrote tier1_results_20260903.tgz  (17M)

============================================================
  already scripted — run these separately, this script does not duplicate them
============================================================
  100-permutation null
      NSHUF_HI=100 ONLY=2 bash run_checks.sh
      run_checks.sh stage 2 already drives this; only the value changes.

  Fold-disjoint refit of the corpus control
      FOLDDISJ_APPLY=1 ONLY=3 bash run_checks.sh     # native arm
      STAGE=3 bash run_gaps.sh                       # shuffled arm (branch runs/rescore-batch)
      The shuffled half ran in the 2026-08-28 batch. The native CSVs exist on
      this box and were not in that archive — send
      outputs_ctrl_folddisj/*/*/struct_seq_metrics.csv.

  Probes at block 18
      ONLY=2 bash RUN_DEPTH_GRID.sh

  Pairwise contact probes, SAE and raw (tests the co-activation assumption)
      STAGE=11 bash RUN_MUSTRUNS.sh
      ~1 h CPU. experiment_pairwise_probe.py already exists and is already wired
      into RUN_MUSTRUNS stage 11, with shuffled-label and separation-matched
      controls and a positive control.

  Evaluation-distribution control
      Already run, 2026-08-28, run_gaps.sh stage 1 -> outputs_ctrl_evaldist/.

Not queued, on cost:
  Unify frozen-dictionary depths to 11/14/18   days (retrains shared dictionaries)
  concept-F1 on the Swiss-Prot concept set     ~68 h  (interplm_attack/)
  Block-shuffle destruction, scaling seeds     needs pretraining

FAILURES: stage5-bootstrap stage5-empty
Send the archive anyway — partial cells are usable.
STEP_END 01_bh_nine_depths rc=1 2026-09-03T07:50:04+08:00

================================================================
STEP_START 02_pairwise_contact_probes 2026-09-03T07:50:04+08:00
COMMAND: env STAGE=11 bash RUN_MUSTRUNS.sh
================================================================
bash: warning: setlocale: LC_ALL: cannot change locale (en_US.UTF-8): No such file or directory
   interpreter: /home/ronnie/Me_and_Du_san_s_dirty_little_secret/.venv/bin/python  (PYTHONUNBUFFERED=1)

[1m== STAGE 11 — pairwise structural-proximity probes (SAE vs raw)[0m
   POSITIVE CONTROL should land near 0.61. If it is ~0.50 the probe is at
   fault and every other number from stage 11 is uninterpretable.

[1m== summary[0m

   Now run:  /home/ronnie/Me_and_Du_san_s_dirty_little_secret/.venv/bin/python summarize_reviewer_batch.py
   It computes every comparison these stages exist to make. Send me its
   output as well as the results directories.
   [32mOK[0m  all attempted stages completed
STEP_END 02_pairwise_contact_probes rc=0 2026-09-03T07:50:04+08:00

================================================================
STEP_START 03_fold_disjoint_native 2026-09-03T07:50:04+08:00
COMMAND: env FOLDDISJ_APPLY=1 ONLY=3 bash run_checks.sh
================================================================
bash: warning: setlocale: LC_ALL: cannot change locale (en_US.UTF-8): No such file or directory
########## repo revision: e392047 | started Thu Sep  3 07:50:04 CST 2026 ##########
preflight: 18 / 18 headline cells have Z.npy in outputs_ctrl/

  [skip stage 1] grid audit — completeness and arm comparability
  [skip stage 2] permutation null at 25 on the 18 headline cells

===== CHECK 3: fold-disjoint SAE/probe split (report; re-fit only with FOLDDISJ_APPLY=1) — started Thu Sep  3 07:50:04 CST 2026 -> logs_checks/check3_20260903_075004.log =====
===== CHECK 3 OK Thu Sep  3 07:50:08 CST 2026 =====
      wrote eval_set_folddisj/  (151 held out; ~134 domains differ from the old split)
      use it with:  python eval_ctrl_plm.py --eval-set eval_set_folddisj ...
      [done] ckpt_mlm_s42_token L11
      [done] ckpt_mlm_s42_token L14
      [done] ckpt_mlm_s42_token L18
      [done] ckpt_clm_s42 L11
      [done] ckpt_clm_s42 L14
      [done] ckpt_clm_s42 L18
      [done] ckpt_mlm_s43_token L11
      [done] ckpt_mlm_s43_token L14
      [done] ckpt_mlm_s43_token L18
      [done] ckpt_clm_s43 L11
      [done] ckpt_clm_s43 L14
      [done] ckpt_clm_s43 L18
      [done] ckpt_mlm_s44_token L11
      [done] ckpt_mlm_s44_token L14
      [done] ckpt_mlm_s44_token L18
      [done] ckpt_clm_s44 L11
      [done] ckpt_clm_s44 L14
      [done] ckpt_clm_s44 L18
  [skip stage 4] trivial baseline — concept scores against their prevalence floor
  [skip stage 5] global level — remote-homology probe between domains

########## finished Thu Sep  3 07:50:08 CST 2026 ##########
All stages OK.

Send back:
  logs_checks/                     (carries the git revision of the code that ran)
  results_nshuffle_headline/                  (stage 2)
  eval_set_folddisj/META.json  (stage 3)
  results_trivial_baseline/    (stage 4)
  results_global_probe/        (stage 5)
  outputs_ctrl_folddisj/*/*/struct_seq_metrics.csv   (stage 3, only with FOLDDISJ_APPLY=1)
  and $BASE/results/sae_quality.txt ALONGSIDE concept_f1.txt — never the F1 alone.
STEP_END 03_fold_disjoint_native rc=0 2026-09-03T07:50:08+08:00

================================================================
STEP_START 04_permutation_null_25 2026-09-03T07:50:08+08:00
COMMAND: env NSHUF_HI=25 ONLY=2 bash run_checks.sh
================================================================
bash: warning: setlocale: LC_ALL: cannot change locale (en_US.UTF-8): No such file or directory
########## repo revision: e392047 | started Thu Sep  3 07:50:08 CST 2026 ##########
preflight: 18 / 18 headline cells have Z.npy in outputs_ctrl/

  [skip stage 1] grid audit — completeness and arm comparability

===== CHECK 2: permutation null at 25 on the 18 headline cells — started Thu Sep  3 07:50:08 CST 2026 -> logs_checks/check2_20260903_075008.log =====
===== CHECK 2 OK Thu Sep  3 07:50:08 CST 2026 =====
      ckpt_clm_s42 L11              0.00172    0.00162    0.00010
      ckpt_clm_s42 L14              0.00114    0.00113    0.00001
      ckpt_clm_s42 L18              0.00462    0.00456    0.00007
      ckpt_mlm_s43_token L11        0.01844    0.01843    0.00001
      ckpt_mlm_s43_token L14        0.01612    0.01612    0.00000
      ckpt_mlm_s43_token L18        0.01497    0.01496    0.00002
      ckpt_clm_s43 L11              0.00189    0.00184    0.00005
      ckpt_clm_s43 L14              0.00240    0.00226    0.00014
      ckpt_clm_s43 L18              0.00481    0.00472    0.00010
      ckpt_mlm_s44_token L11        0.02017    0.02040    0.00023
      ckpt_mlm_s44_token L14        0.01790    0.01800    0.00010
      ckpt_mlm_s44_token L18        0.01387    0.01384    0.00003
      ckpt_clm_s44 L11              0.00124    0.00120    0.00004
      ckpt_clm_s44 L14              0.00079    0.00071    0.00008
      ckpt_clm_s44 L18              0.00297    0.00295    0.00002
    
      max |diff| = 0.00023   median |diff| = 0.00007  over 18 cells
      Read it as: a small max means the 5-permutation null was already large enough
      and the published numbers stand. A large one means the null has to grow and
      every L_struct number moves with it.
  [skip stage 3] fold-disjoint SAE/probe split (report; re-fit only with FOLDDISJ_APPLY=1)
  [skip stage 4] trivial baseline — concept scores against their prevalence floor
  [skip stage 5] global level — remote-homology probe between domains

########## finished Thu Sep  3 07:50:08 CST 2026 ##########
All stages OK.

Send back:
  logs_checks/                     (carries the git revision of the code that ran)
  results_nshuffle_headline/                  (stage 2)
  eval_set_folddisj/META.json  (stage 3)
  results_trivial_baseline/    (stage 4)
  results_global_probe/        (stage 5)
  outputs_ctrl_folddisj/*/*/struct_seq_metrics.csv   (stage 3, only with FOLDDISJ_APPLY=1)
  and $BASE/results/sae_quality.txt ALONGSIDE concept_f1.txt — never the F1 alone.
STEP_END 04_permutation_null_25 rc=0 2026-09-03T07:50:08+08:00
QUEUE_END failed=1 2026-09-03T07:50:08+08:00
